../Core/Src/main.c:70:1:__io_putchar	16	static
../Core/Src/main.c:76:1:__io_getchar	16	static
../Core/Src/main.c:148:5:main	112	static
../Core/Src/main.c:274:6:SystemClock_Config	88	static
../Core/Src/main.c:332:13:MX_ETH_Init	8	static
../Core/Src/main.c:381:13:MX_USART3_UART_Init	8	static
../Core/Src/main.c:416:13:MX_USB_OTG_FS_PCD_Init	8	static
../Core/Src/main.c:451:13:MX_GPIO_Init	56	static
../Core/Src/main.c:503:6:HAL_GPIO_EXTI_Callback	16	static
../Core/Src/main.c:524:6:Error_Handler	4	static,ignoring_inline_asm
